// Jest Snapshot v1, https://goo.gl/fbAQLP

exports[`should render ExpenseDashboard 1`] = `
<div
  className="container"
>
  <h1>
    Dashboard
  </h1>
  <Connect(PostsList) />
</div>
`;
